\BOOKMARK [1][-]{section.1}{\376\377\000A\000u\000t\000o\000e\000n\000c\000o\000d\000e\000r}{}% 1
\BOOKMARK [2][-]{subsection.1.1}{\376\377\000U\000n\000d\000e\000r\000c\000o\000m\000p\000l\000e\000t\000e\000\040\000a\000n\000d\000\040\000O\000v\000e\000r\000c\000o\000m\000p\000l\000e\000t\000e\000\040\000A\000u\000t\000o\000e\000n\000c\000o\000d\000e\000r}{section.1}% 2
\BOOKMARK [1][-]{section.2}{\376\377\000R\000o\000a\000d\000\040\000A\000h\000e\000a\000d\000:\000\040\000A\000u\000t\000o\000e\000n\000c\000o\000d\000e\000r\000\040\000D\000e\000s\000i\000g\000n}{}% 3
\BOOKMARK [1][-]{section.3}{\376\377\000C\000h\000o\000i\000c\000e\000\040\000o\000f\000\040\000L\000o\000s\000s\000\040\000F\000u\000n\000c\000t\000i\000o\000n}{}% 4
\BOOKMARK [1][-]{section.4}{\376\377\000T\000r\000a\000i\000n\000i\000n\000g\000\040\000t\000h\000e\000\040\000A\000u\000t\000o\000e\000n\000c\000o\000d\000e\000r}{}% 5
\BOOKMARK [1][-]{section.5}{\376\377\000N\000e\000u\000r\000a\000l\000\040\000N\000e\000t\000w\000o\000r\000k\000\040\000R\000e\000p\000r\000e\000s\000e\000n\000t\000a\000t\000i\000o\000n}{}% 6
\BOOKMARK [1][-]{section.6}{\376\377\000B\000a\000c\000k\000p\000r\000o\000p\000a\000g\000a\000t\000i\000o\000n}{}% 7
\BOOKMARK [1][-]{section.7}{\376\377\000B\000a\000c\000k\000p\000r\000o\000p\000a\000g\000a\000t\000i\000o\000n\000\040\000f\000o\000r\000\040\000M\000e\000a\000n\000\040\000S\000q\000u\000a\000r\000e\000d\000\040\000E\000r\000r\000o\000r\000\040\000L\000o\000s\000s}{}% 8
\BOOKMARK [1][-]{section.8}{\376\377\000C\000r\000o\000s\000s\000-\000E\000n\000t\000r\000o\000p\000y\000\040\000L\000o\000s\000s\000\040\000f\000o\000r\000\040\000B\000i\000n\000a\000r\000y\000\040\000I\000n\000p\000u\000t\000s}{}% 9
\BOOKMARK [1][-]{section.9}{\376\377\000A\000p\000p\000l\000i\000c\000a\000t\000i\000o\000n\000s\000\040\000o\000f\000\040\000A\000u\000t\000o\000e\000n\000c\000o\000d\000e\000r\000s}{}% 10
\BOOKMARK [2][-]{subsection.9.1}{\376\377\0001\000.\000\040\000D\000i\000m\000e\000n\000s\000i\000o\000n\000a\000l\000i\000t\000y\000\040\000R\000e\000d\000u\000c\000t\000i\000o\000n}{section.9}% 11
\BOOKMARK [2][-]{subsection.9.2}{\376\377\0002\000.\000\040\000I\000m\000a\000g\000e\000\040\000D\000e\000n\000o\000i\000s\000i\000n\000g}{section.9}% 12
\BOOKMARK [2][-]{subsection.9.3}{\376\377\0003\000.\000\040\000A\000n\000o\000m\000a\000l\000y\000\040\000D\000e\000t\000e\000c\000t\000i\000o\000n}{section.9}% 13
\BOOKMARK [2][-]{subsection.9.4}{\376\377\0004\000.\000\040\000D\000a\000t\000a\000\040\000C\000o\000m\000p\000r\000e\000s\000s\000i\000o\000n}{section.9}% 14
\BOOKMARK [2][-]{subsection.9.5}{\376\377\0005\000.\000\040\000F\000e\000a\000t\000u\000r\000e\000\040\000E\000x\000t\000r\000a\000c\000t\000i\000o\000n}{section.9}% 15
\BOOKMARK [2][-]{subsection.9.6}{\376\377\0006\000.\000\040\000R\000e\000c\000o\000m\000m\000e\000n\000d\000a\000t\000i\000o\000n\000\040\000S\000y\000s\000t\000e\000m\000s}{section.9}% 16
\BOOKMARK [2][-]{subsection.9.7}{\376\377\0007\000.\000\040\000I\000m\000a\000g\000e\000\040\000a\000n\000d\000\040\000V\000i\000d\000e\000o\000\040\000A\000p\000p\000l\000i\000c\000a\000t\000i\000o\000n\000s}{section.9}% 17
\BOOKMARK [2][-]{subsection.9.8}{\376\377\000S\000u\000m\000m\000a\000r\000y\000\040\000o\000f\000\040\000A\000p\000p\000l\000i\000c\000a\000t\000i\000o\000n\000s}{section.9}% 18
\BOOKMARK [1][-]{section.10}{\376\377\000K\000e\000y\000\040\000P\000o\000i\000n\000t\000s}{}% 19
\BOOKMARK [1][-]{section.11}{\376\377\000L\000i\000n\000k\000\040\000B\000e\000t\000w\000e\000e\000n\000\040\000P\000C\000A\000\040\000a\000n\000d\000\040\000A\000u\000t\000o\000e\000n\000c\000o\000d\000e\000r}{}% 20
\BOOKMARK [2][-]{subsection.11.1}{\376\377\000N\000o\000r\000m\000a\000l\000i\000z\000a\000t\000i\000o\000n\000\040\000o\000f\000\040\000t\000h\000e\000\040\000I\000n\000p\000u\000t\000\040\000D\000a\000t\000a}{section.11}% 21
\BOOKMARK [2][-]{subsection.11.2}{\376\377\000L\000i\000n\000e\000a\000r\000\040\000A\000u\000t\000o\000e\000n\000c\000o\000d\000e\000r\000\040\000O\000b\000j\000e\000c\000t\000i\000v\000e}{section.11}% 22
\BOOKMARK [2][-]{subsection.11.3}{\376\377\000O\000p\000t\000i\000m\000a\000l\000\040\000S\000o\000l\000u\000t\000i\000o\000n\000\040\000u\000s\000i\000n\000g\000\040\000S\000i\000n\000g\000u\000l\000a\000r\000\040\000V\000a\000l\000u\000e\000\040\000D\000e\000c\000o\000m\000p\000o\000s\000i\000t\000i\000o\000n\000\040\000\050\000S\000V\000D\000\051}{section.11}% 23
\BOOKMARK [2][-]{subsection.11.4}{\376\377\000D\000e\000r\000i\000v\000a\000t\000i\000o\000n\000\040\000o\000f\000\040\000t\000h\000e\000\040\000E\000n\000c\000o\000d\000e\000r\000\040\000M\000a\000t\000r\000i\000x}{section.11}% 24
\BOOKMARK [2][-]{subsection.11.5}{\376\377\000A\000l\000t\000e\000r\000n\000a\000t\000i\000v\000e\000\040\000P\000r\000o\000o\000f\000\040\000U\000s\000i\000n\000g\000\040\000t\000h\000e\000\040\000M\000o\000o\000r\000e\040\023\000P\000e\000n\000r\000o\000s\000e\000\040\000I\000n\000v\000e\000r\000s\000e}{section.11}% 25
\BOOKMARK [2][-]{subsection.11.6}{\376\377\000C\000o\000n\000n\000e\000c\000t\000i\000o\000n\000\040\000w\000i\000t\000h\000\040\000P\000C\000A}{section.11}% 26
\BOOKMARK [2][-]{subsection.11.7}{\376\377\000F\000i\000n\000a\000l\000\040\000R\000e\000s\000u\000l\000t}{section.11}% 27
\BOOKMARK [1][-]{section.12}{\376\377\000E\000q\000u\000i\000v\000a\000l\000e\000n\000c\000e\000\040\000o\000f\000\040\000L\000i\000n\000e\000a\000r\000\040\000A\000u\000t\000o\000e\000n\000c\000o\000d\000e\000r\000\040\000a\000n\000d\000\040\000P\000C\000A\000\040\000\050\000C\000o\000n\000t\000i\000n\000u\000e\000d\000\051}{}% 28
\BOOKMARK [2][-]{subsection.12.1}{\376\377\000I\000m\000p\000o\000r\000t\000a\000n\000t\000\040\000R\000e\000s\000u\000l\000t}{section.12}% 29
\BOOKMARK [1][-]{section.13}{\376\377\000R\000e\000l\000a\000t\000i\000o\000n\000s\000h\000i\000p\000\040\000B\000e\000t\000w\000e\000e\000n\000\040\000P\000C\000A\000\040\000a\000n\000d\000\040\000A\000u\000t\000o\000e\000n\000c\000o\000d\000e\000r}{}% 30
\BOOKMARK [1][-]{section.14}{\376\377\000S\000u\000m\000m\000a\000r\000y}{}% 31
\BOOKMARK [1][-]{section.15}{\376\377\000A\000d\000v\000a\000n\000t\000a\000g\000e\000s\000\040\000o\000f\000\040\000A\000u\000t\000o\000e\000n\000c\000o\000d\000e\000r\000s\000\040\000o\000v\000e\000r\000\040\000P\000C\000A}{}% 32
\BOOKMARK [1][-]{section.16}{\376\377\000T\000r\000a\000n\000s\000i\000t\000i\000o\000n\000\040\000t\000o\000\040\000D\000e\000e\000p\000\040\000A\000u\000t\000o\000e\000n\000c\000o\000d\000e\000r\000s}{}% 33
\BOOKMARK [1][-]{section.17}{\376\377\000D\000e\000n\000o\000i\000s\000i\000n\000g\000\040\000A\000u\000t\000o\000e\000n\000c\000o\000d\000e\000r}{}% 34
\BOOKMARK [2][-]{subsection.17.1}{\376\377\000B\000a\000s\000i\000c\000\040\000A\000r\000c\000h\000i\000t\000e\000c\000t\000u\000r\000e}{section.17}% 35
\BOOKMARK [2][-]{subsection.17.2}{\376\377\000D\000e\000n\000o\000i\000s\000i\000n\000g\000\040\000A\000u\000t\000o\000e\000n\000c\000o\000d\000e\000r\000\040\000A\000r\000c\000h\000i\000t\000e\000c\000t\000u\000r\000e}{section.17}% 36
\BOOKMARK [2][-]{subsection.17.3}{\376\377\000C\000o\000r\000r\000u\000p\000t\000i\000o\000n\000\040\000P\000r\000o\000c\000e\000s\000s}{section.17}% 37
\BOOKMARK [2][-]{subsection.17.4}{\376\377\000S\000i\000m\000p\000l\000e\000\040\000C\000o\000r\000r\000u\000p\000t\000i\000o\000n\000\040\000M\000o\000d\000e\000l}{section.17}% 38
\BOOKMARK [2][-]{subsection.17.5}{\376\377\000E\000n\000c\000o\000d\000e\000r\000\040\000a\000n\000d\000\040\000D\000e\000c\000o\000d\000e\000r}{section.17}% 39
\BOOKMARK [2][-]{subsection.17.6}{\376\377\000W\000h\000y\000\040\000D\000e\000n\000o\000i\000s\000i\000n\000g\000\040\000A\000u\000t\000o\000e\000n\000c\000o\000d\000e\000r\000?}{section.17}% 40
\BOOKMARK [2][-]{subsection.17.7}{\376\377\000R\000e\000c\000o\000n\000s\000t\000r\000u\000c\000t\000i\000o\000n\000\040\000O\000b\000j\000e\000c\000t\000i\000v\000e}{section.17}% 41
\BOOKMARK [2][-]{subsection.17.8}{\376\377\000K\000e\000y\000\040\000I\000d\000e\000a}{section.17}% 42
\BOOKMARK [2][-]{subsection.17.9}{\376\377\000E\000f\000f\000e\000c\000t\000\040\000o\000f\000\040\000C\000o\000r\000r\000u\000p\000t\000i\000o\000n}{section.17}% 43
\BOOKMARK [2][-]{subsection.17.10}{\376\377\000G\000r\000a\000p\000h\000i\000c\000a\000l\000\040\000I\000n\000t\000e\000r\000p\000r\000e\000t\000a\000t\000i\000o\000n\000\040\000o\000f\000\040\000t\000h\000e\000\040\000C\000o\000r\000r\000u\000p\000t\000i\000o\000n\000\040\000P\000r\000o\000c\000e\000s\000s}{section.17}% 44
\BOOKMARK [2][-]{subsection.17.11}{\376\377\000I\000m\000p\000o\000r\000t\000a\000n\000t\000\040\000O\000b\000s\000e\000r\000v\000a\000t\000i\000o\000n}{section.17}% 45
\BOOKMARK [1][-]{section.18}{\376\377\000D\000e\000n\000o\000i\000s\000i\000n\000g\000\040\000A\000u\000t\000o\000e\000n\000c\000o\000d\000e\000r}{}% 46
\BOOKMARK [2][-]{subsection.18.1}{\376\377\000B\000a\000s\000i\000c\000\040\000A\000r\000c\000h\000i\000t\000e\000c\000t\000u\000r\000e}{section.18}% 47
\BOOKMARK [2][-]{subsection.18.2}{\376\377\000D\000e\000n\000o\000i\000s\000i\000n\000g\000\040\000A\000u\000t\000o\000e\000n\000c\000o\000d\000e\000r\000\040\000A\000r\000c\000h\000i\000t\000e\000c\000t\000u\000r\000e}{section.18}% 48
\BOOKMARK [2][-]{subsection.18.3}{\376\377\000C\000o\000r\000r\000u\000p\000t\000i\000o\000n\000\040\000P\000r\000o\000c\000e\000s\000s}{section.18}% 49
\BOOKMARK [2][-]{subsection.18.4}{\376\377\000S\000i\000m\000p\000l\000e\000\040\000C\000o\000r\000r\000u\000p\000t\000i\000o\000n\000\040\000M\000o\000d\000e\000l}{section.18}% 50
\BOOKMARK [2][-]{subsection.18.5}{\376\377\000E\000n\000c\000o\000d\000e\000r\000\040\000a\000n\000d\000\040\000D\000e\000c\000o\000d\000e\000r}{section.18}% 51
\BOOKMARK [2][-]{subsection.18.6}{\376\377\000W\000h\000y\000\040\000D\000e\000n\000o\000i\000s\000i\000n\000g\000\040\000A\000u\000t\000o\000e\000n\000c\000o\000d\000e\000r\000?}{section.18}% 52
\BOOKMARK [2][-]{subsection.18.7}{\376\377\000R\000e\000c\000o\000n\000s\000t\000r\000u\000c\000t\000i\000o\000n\000\040\000O\000b\000j\000e\000c\000t\000i\000v\000e}{section.18}% 53
\BOOKMARK [2][-]{subsection.18.8}{\376\377\000K\000e\000y\000\040\000I\000d\000e\000a}{section.18}% 54
\BOOKMARK [2][-]{subsection.18.9}{\376\377\000E\000f\000f\000e\000c\000t\000\040\000o\000f\000\040\000C\000o\000r\000r\000u\000p\000t\000i\000o\000n}{section.18}% 55
\BOOKMARK [2][-]{subsection.18.10}{\376\377\000G\000r\000a\000p\000h\000i\000c\000a\000l\000\040\000I\000n\000t\000e\000r\000p\000r\000e\000t\000a\000t\000i\000o\000n\000\040\000o\000f\000\040\000t\000h\000e\000\040\000C\000o\000r\000r\000u\000p\000t\000i\000o\000n\000\040\000P\000r\000o\000c\000e\000s\000s}{section.18}% 56
\BOOKMARK [2][-]{subsection.18.11}{\376\377\000I\000m\000p\000o\000r\000t\000a\000n\000t\000\040\000O\000b\000s\000e\000r\000v\000a\000t\000i\000o\000n}{section.18}% 57
\BOOKMARK [1][-]{section.19}{\376\377\000F\000e\000a\000t\000u\000r\000e\000\040\000L\000e\000a\000r\000n\000i\000n\000g\000\040\000u\000s\000i\000n\000g\000\040\000A\000u\000t\000o\000e\000n\000c\000o\000d\000e\000r\000s}{}% 58
\BOOKMARK [2][-]{subsection.19.1}{\376\377\000H\000i\000d\000d\000e\000n\000\040\000F\000e\000a\000t\000u\000r\000e\000\040\000R\000e\000p\000r\000e\000s\000e\000n\000t\000a\000t\000i\000o\000n}{section.19}% 59
\BOOKMARK [2][-]{subsection.19.2}{\376\377\000V\000i\000s\000u\000a\000l\000i\000z\000a\000t\000i\000o\000n\000\040\000o\000f\000\040\000L\000e\000a\000r\000n\000e\000d\000\040\000F\000e\000a\000t\000u\000r\000e\000s}{section.19}% 60
\BOOKMARK [1][-]{section.20}{\376\377\000T\000r\000a\000i\000n\000i\000n\000g\000\040\000E\000r\000r\000o\000r\000,\000\040\000T\000e\000s\000t\000\040\000E\000r\000r\000o\000r\000,\000\040\000a\000n\000d\000\040\000M\000o\000d\000e\000l\000\040\000C\000o\000m\000p\000l\000e\000x\000i\000t\000y}{}% 61
\BOOKMARK [2][-]{subsection.20.1}{\376\377\000T\000r\000a\000i\000n\000i\000n\000g\000\040\000E\000r\000r\000o\000r\000\040\000v\000s\000.\000\040\000T\000e\000s\000t\000\040\000E\000r\000r\000o\000r}{section.20}% 62
\BOOKMARK [2][-]{subsection.20.2}{\376\377\000E\000m\000p\000i\000r\000i\000c\000a\000l\000\040\000E\000s\000t\000i\000m\000a\000t\000i\000o\000n\000\040\000o\000f\000\040\000T\000e\000s\000t\000\040\000E\000r\000r\000o\000r}{section.20}% 63
\BOOKMARK [2][-]{subsection.20.3}{\376\377\000C\000a\000s\000e\000\040\0001\000:\000\040\000T\000e\000s\000t\000\040\000O\000b\000s\000e\000r\000v\000a\000t\000i\000o\000n\000s}{section.20}% 64
\BOOKMARK [2][-]{subsection.20.4}{\376\377\000C\000a\000s\000e\000\040\0002\000:\000\040\000T\000r\000a\000i\000n\000i\000n\000g\000\040\000O\000b\000s\000e\000r\000v\000a\000t\000i\000o\000n\000s}{section.20}% 65
\BOOKMARK [2][-]{subsection.20.5}{\376\377\000T\000r\000u\000e\000\040\000E\000r\000r\000o\000r\000\040\000a\000n\000d\000\040\000M\000o\000d\000e\000l\000\040\000C\000o\000m\000p\000l\000e\000x\000i\000t\000y}{section.20}% 66
\BOOKMARK [2][-]{subsection.20.6}{\376\377\000S\000t\000e\000i\000n\000'\000s\000\040\000L\000e\000m\000m\000a\000\040\000a\000n\000d\000\040\000M\000o\000d\000e\000l\000\040\000C\000o\000m\000p\000l\000e\000x\000i\000t\000y}{section.20}% 67
\BOOKMARK [2][-]{subsection.20.7}{\376\377\000R\000e\000g\000u\000l\000a\000r\000i\000z\000a\000t\000i\000o\000n\000\040\000a\000n\000d\000\040\000M\000o\000d\000e\000l\000\040\000C\000o\000m\000p\000l\000e\000x\000i\000t\000y}{section.20}% 68
